2026-09-14 22:00:10,007 [INFO] === INICIANDO PIPELINE ETL EMPRESARIAL ===
2026-09-14 22:00:10,166 [INFO] Extracción exitosa: 5200 registros leídos de 'datos_ventas_raw.csv'.
2026-09-14 22:00:10,272 [INFO] Iniciando fase de limpieza y transformación de datos...
2026-09-14 22:00:10,396 [INFO] Duplicados eliminados: 200 filas.
2026-09-14 22:00:10,481 [INFO] Precios nulos imputados: 148 registros.
2026-09-14 22:00:10,488 [INFO] Registros descartados por cantidad inválida (<= 0): 1430.
2026-09-14 22:00:10,497 [INFO] Transformación completada. Registros limpios finales: 3570.
2026-09-14 22:00:10,499 [INFO] Conectando al Data Warehouse SQLite 'empresa_dw.db'...
2026-09-14 22:00:10,663 [INFO] Tabla de hechos 'fact_ventas' cargada correctamente.
2026-09-14 22:00:10,712 [INFO] Tabla dimensión 'dim_productos' cargada correctamente.
2026-09-14 22:00:10,719 [INFO] === PIPELINE EJECUTADO Y AUDITADO CON ÉXITO ===
2026-09-14 22:01:31,167 [INFO] === INICIANDO PIPELINE ETL EMPRESARIAL ===
2026-09-14 22:01:31,232 [INFO] Extracción exitosa: 5200 registros leídos de 'datos_ventas_raw.csv'.
2026-09-14 22:01:31,233 [INFO] Iniciando fase de limpieza y transformación de datos...
2026-09-14 22:01:31,241 [INFO] Duplicados eliminados: 200 filas.
2026-09-14 22:01:31,290 [INFO] Precios nulos imputados: 148 registros.
2026-09-14 22:01:31,300 [INFO] Registros descartados por cantidad inválida (<= 0): 1430.
2026-09-14 22:01:31,302 [INFO] Transformación completada. Registros limpios finales: 3570.
2026-09-14 22:01:31,303 [INFO] Conectando al Data Warehouse SQLite 'empresa_dw.db'...
2026-09-14 22:01:31,375 [INFO] Tabla de hechos 'fact_ventas' cargada correctamente.
2026-09-14 22:01:31,459 [INFO] Tabla dimensión 'dim_productos' cargada correctamente.
2026-09-14 22:01:31,460 [INFO] === PIPELINE EJECUTADO Y AUDITADO CON ÉXITO ===
